[36mvite v7.3.1 [32mbuilding client environment for production...[36m[39m
[32mΓ£ô[39m 0 modules transformed.
node.exe : 
[31mΓ£ù[39m Build 
failed in 15ms
At C:\Program Files\nod
ejs\npx.ps1:29 char:3
+   & $NODE_EXE 
$NPX_CLI_JS $args
+   ~~~~~~~~~~~~~~~~~~~
~~~~~~~~~~
    + CategoryInfo     
         : NotSpecifi  
  ed: ([31mΓ£ù[39m   
  Build failed in 1    
5ms:String) [], Re    
moteException
    + FullyQualifiedEr 
   rorId : NativeComm  
  andError
 
[31merror during 
build:
[31mCould not resolve 
entry module "../../../
d:/CAFETERIA_FULL_STACK
/frontend/dist/index.ht
ml".[31m
    at getRollupError (
file:///D:/CAFETERIA_FU
LL_STACK/frontend/node_
modules/rollup/dist/es/
shared/parseAst.js:402:
41)
    at error (file:///D
:/CAFETERIA_FULL_STACK/
frontend/node_modules/r
ollup/dist/es/shared/pa
rseAst.js:398:42)
    at ModuleLoader.loa
dEntryModule (file:///D
:/CAFETERIA_FULL_STACK/
frontend/node_modules/r
ollup/dist/es/shared/no
de-entry.js:21708:20)
    at async 
Promise.all (index 
0)[39m
